3928
1031
1856
1026
1028
699
2500
2443
499
4422
1815
1845
622
3756
4555
4679
5016
5879
4754
5871
5505
5553
5561
5934
5480
6346
6117
6283
6475
6350
6906
6477
6310
6963
7022
7496
7054
7198
8089
7308
8064
8318
8451
8990
7339
8200
8913
9232
9070
8390
11011
9881
9206
9060
9686
9549
11790
11095
11351
11083
12181
11492
11974
12771
11908
12545
11918
12446
13129
12471
13082
13130
12917
13132
13185
13128
13193
13170
13644
13223
13419
13971
13849
13368
14144
14015
14035
13690
13696
13853
14241
14438
14157
14429
14051
14664
15338
14920
15361
15232
14680
15400
15670
15860
14734
15469
14785
15600
15527
15775
16260
16212
16001
16234
16932
17743
16447
18476
17483
18486
18543
16927
18561
17470
18394
19108
18635
19115
19117
19253
18745
19123
19980
19122
20046
19415
19450
19353
19165
19557
20329
20033
20198
20573
21332
20693
20717
21759
21368
21808
21402
21982
22106
21488
21730
22026
22129
22127
22294
22247
22313
22209
22287
22366
22392
22324
22942
23158
22565
22949
22944
22632
23442
23425
22388
23391
23346
23636
23451
23550
24064
24058
23773
23533
25847
23728
24304
24129
24330
25739
25182
25525
27131
26489
26547
27202
27130
27610
27562
27441
27484
27873
27985
27872
28092
28402
27669
28702
27912
27875
27931
28420
29447
29503
29609
29715
28911
29615
29619
30079
29855
29796
29861
29678
29588
30246
30275
30195
30350
30555
30689
30336
30479
30779
32157
31822
30747
32597
31757
32367
32786
31595
32919
32678
32446
33139
33122
33184
33389
33820
33229
33646
33420
33633
33869
33795
33759
33559
33903
33754
33907
34084
34417
34153
34644
35215
35269
35100
34763
34608
34712
35682
35294
35906
35914
35391
35936
36110
35723
35885
36585
35615
35762
36586
36203
35794
36641
36656
36721
36784
37164
36853
36864
38029
37455
37865
36971
38053
37833
38223
38236
39440
38747
40196
40014
41089
39938
41301
41328
40905
39521
41287
41571
41299
40523
41927
42184
41570
41746
42037
43337
42222
43415
42219
43427
42975
43359
43428
43356
43423
42948
43494
43447
43633
43968
44700
44118
44149
43849
44930
45402
44571
45538
46135
46937
46153
47946
45654
46735
48995
47308
49123
49018
49273
48335
47680
52142
50842
52357
52488
52156
52634
50046
52140
52491
52611
52728
52590
52814
52613
52813
52943
52633
53601
52821
53544
53950
53532
53721
53638
53951
54382
53935
54223
54154
54483
54391
54618
54078
54913
54784
54702
55039
55808
55251
56864
56183
56555
56425
56807
57057
56678
58098
56618
57339
57176
58472
57793
58482
58525
58490
58741
58492
58863
59307
58515
58821
58730
59191
59053
59440
59403
59475
60350
59407
60302
60930
60206
60401
60330
60769
59573
60353
61125
60932
61336
61005
60961
61550
61309
61217
61827
61429
61758
61559
61741
61588
62060
61886
62005
62092
62157
62727
62628
62745
62488
62412
62040
62227
62707
62542
62661
63054
62949
63057
63840
63442
63332
63806
63815
63368
63798
63789
63410
63891
63817
64041
64058
64845
64952
64978
64091
64898
64922
65268
64432
65152
64759
65633
65542
65528
65358
65784
65945
65579
66439
66406
66689
66208
66543
66354
66444
66349
66952
66567
66861
67179
66925
68589
68319
67167
68192
70042
67353
68436
68271
68719
70813
69534
70751
70109
70794
70750
71128
71300
71092
71158
71459
71140
71304
71408
71508
71701
71978
71672
71772
71646
72470
72458
71655
72036
72112
72786
72665
73021
72603
72453
73029
73264
72877
73327
73504
72991
73430
73449
73621
73886
73894
73538
73509
74231
73566
73548
74960
74390
73916
73985
75027
74081
74413
75581
75594
75177
76299
76087
75628
76124
76076
75723
76853
76972
76939
76725
76329
76365
77260
77403
77007
79712
79746
79714
77722
79757
79745
79748
79735
79758
79736
79747
79759
79761
79754
79865
79760
80015
80203
80101
79926
79763
80224
79828
80010
80193
80227
80281
80229
80282
80235
80288
80292
80301
80294
80283
80284
80285
80286
80369
80290
80373
80287
80302
80293
80372
80392
80432
80382
80385
80419
80457
80430
80381
80460
80437
80398
80459
80458
80497
80461
80462
83167
83192
81605
83187
82735
83535
84247
84299
83978
83947
84042
83278
84541
84430
84911
84323
84438
84647
84865
85025
84569
85245
85182
85385
84954
85100
85827
86577
85475
85849
86595
86742
86060
87024
86322
87004
87191
86645
87171
86799
87755
87899
87682
88319
87387
87202
88204
87436
88695
88413
88412
88492
88922
88564
88758
89517
89917
89029
89602
89781
88995
89179
90018
90022
89924
90090
90643
90541
90850
91658
91678
90890
90380
90770
91701
91904
91898
92561
91931
92727
92758
92402
92994
92750
92950
93093
92913
93013
92907
93014
93673
93318
93115
94021
93490
93964
93216
94515
94477
94579
94390
93988
93718
94519
94528
93931
93765
94843
94844
95112
95184
94639
95023
95239
95313
96025
96236
95207
96549
95849
96535
96488
96975
95749
96769
97865
97931
97335
97872
97900
98239
97129
97714
97616
98530
97974
98025
98545
98300
99023
98756
99149
100733
98553
98917
99899
99917
100114
100636
99105
100573
100738
100734
100757
100751
100796
100758
100761
100746
100784
100802
100777
100799
100800
100797
100764
100798
100806
100803
100819
100809
100835
100808
100845
100807
100849
100810
100826
100848
100840
100844
100850
100870
100908
100875
100943
100938
100932
100931
100937
100940
100949
100969
100944
100935
101015
100950
100945
101515
101510
101185
101457
101522
101603
101546
101509
101500
101523
101667
101582
101551
101786
101901
101905
102032
101763
101670
102276
102086
101924
102087
102274
102171
102091
102176
102381
102380
102277
102382
102303
102384
102403
102388
102425
102406
102397
102399
102416
102433
102407
102436
102417
102430
102458
102442
102462
102435
102446
102443
102484
102465
102485
102497
102498
102505
102515
102486
102512
102507
102508
102540
102520
102539
102519
102538
102557
102565
102589
102511
102577
102596
102621
102642
102594
102579
102593
102592
102831
102647
102880
102881
103049
102764
102838
103110
102877
103052
103105
103253
103101
103211
103230
103333
103094
103439
103328
103313
103377
103346
103506
103390
103532
103657
103525
103668
103731
103906
103620
103928
103742
103790
103930
103840
103989
103988
104016
104072
104032
104134
104126
103734
104248
104246
104334
104243
104456
104225
104383
104535
104457
104443
104544
104557
104640
104553
104551
104693
104629
104672
104876
104635
104842
104873
104699
104776
104943
105040
105057
104728
105011
105054
105102
105168
105176
105155
105192
105159
105193
105268
105213
105323
105214
105195
105247
105280
105291
105741
105777
105499
105606
105396
105369
105484
105811
105818
106089
105962
106253
105866
105952
106216
106166
106008
106151
106099
106219
106272
106197
106291
106279
106464
106374
106453
106335
106341
106455
106511
106388
106698
106659
106754
106467
106529
106562
106784
106679
106816
106810
106838
106823
106799
106818
106815
106827
106940
106932
106854
107033
107029
107017
106920
106950
106945
107035
107004
106947
106971
107051
107009
107039
107205
107037
107123
107058
107068
107461
107062
107465
107260
107468
107453
107484
107370
107471
107383
107477
107527
107607
107511
107513
107637
107682
107807
107818
107584
107754
107669
107650
107651
107914
107928
108048
107819
107915
108237
108123
108041
108125
108469
108113
108592
108265
108076
108282
108427
108605
108663
108793
108604
108594
108622
108629
108771
108750
109089
108867
108727
109007
108918
109438
109057
109393
109219
109392
109453
109564
109462
109448
109563
109578
109498
109565
109456
109577
109494
109808
109579
109757
109693
109810
109670
109624
109790
109829
109950
109822
109936
109942
110011
110204
110013
109997
110007
110001
110032
110005
110232
110156
110386
110056
110225
110417
110230
110612
110407
110643
110536
110549
110722
110768
110631
110494
110540
110560
110746
110708
110774
111134
110777
110775
110848
111024
110787
110838
111317
111475
111498
111158
110865
111496
111123
111506
111715
111677
111842
111745
111888
111505
111906
111844
111534
111859
112080
111568
111807
111887
112182
112282
112332
112178
112345
112206
112411
112296
112563
112431
112763
112443
112661
112809
112869
112578
113104
113146
112959
113228
113293
112889
113225
112983
113390
113376
113450
113368
113669
113641
113692
113394
113691
113699
113671
113760
113693
113762
113763
113761
113765
113898
113764
113903
113909
113908
113767
113766
113897
113951
113768
113899
113938
113940
114146
113947
113952
114194
114023
114397
114184
114922
114495
115071
114893
115129
114284
114303
115250
115395
115128
115352
115629
115735
115959
115519
115535
115837
115680
115921
115891
115980
116086
115748
115977
116212
116047
116053
116129
116128
116235
116098
116185
116328
116226
116277
116425
116315
116394
116326
116408
116538
116540
116531
116550
116541
116561
116547
116634
116542
116717
116716
116757
116660
116737
116782
116650
116763
116769
116890
116937
116766
116803
116814
116835
116952
116934
116936
116940
117017
117002
116999
117082
117220
117056
117192
117207
117242
117252
117246
117307
117388
117446
117355
117357
117401
117344
117653
117507
117510
117630
117637
117480
117432
117485
117846
117790
117830
117973
117658
118031
117979
118057
117871
117883
118063
118133
118197
118309
118018
118034
118307
118306
118313
118243
118305
118308
118315
118391
118356
118445
118349
118363
118365
118384
118500
118486
118397
118402
118451
118514
118515
118480
118485
118528
118540
118560
118571
118527
118566
118593
118613
118658
118620
118592
118599
118607
118618
118667
118635
118668
118633
118705
118681
118718
118673
118698
118717
118824
118686
118743
118716
118695
118697
118819
118871
118863
118742
118899
118917
118904
118928
118924
118926
119044
119028
119038
118962
118960
119046
119031
119008
118969
119100
119075
119105
119130
119156
119155
119175
119145
119164
119163
119206
119153
119189
119178
119205
119157
119225
119213
119227
119234
119282
119284
119260
119311
119280
119358
119342
119337
119317
119354
119319
119304
119360
119348
119314
119381
119384
119437
119395
119580
119419
119475
119560
119461
119410
119403
119576
119590
119608
119446
119607
119472
119636
119732
119663
119744
119685
119628
119620
119733
119735
119818
119758
119821
119796
119829
119781
119823
119825
119824
119826
119828
119834
119831
119832
119833
119830
119839
119835
119846
119837
119836
119843
119841
119840
119844
119851
119854
119852
119849
119848
119862
119855
119858
119853
119856
119863
119857
119864
119868
119859
119875
119867
119871
119878
119869
119872
119870
119874
119880
119882
119873
119877
119881
119883
119879
119886
119887
119885
119884
119889
119893
119890
119892
119895
119888
119894
119896
119891
119900
119899
119897
119898
119902
119907
119901
119909
119905
119904
119915
119916
119908
119903
119918
119920
119910
119911
119917
119919
119921
119922
119926
119927
119923
119929
119928
119931
119924
119925
119941
119940
119932
119939
119938
119930
119945
119944
119943
119942
119947
119958
119952
119946
119955
119959
119948
119950
119954
119960
119953
119973
120035
120037
119961
120038
120012
120040
120036
119962
119984
119963
120043
120041
120044
120039
120053
120047
120042
120045
120087
120064
120063
120085
120131
120100
120046
120086
120134
120148
120147
120204
120179
120239
120229
120171
120187
120227
120250
120213
120265
120214
120231
120276
120266
120414
120410
120304
120301
120435
120293
120295
120275
120294
120397
120423
120303
120448
120489
120499
120535
120523
120519
120509
120553
120487
120457
120560
120571
120623
120607
120566
120686
120569
120582
120570
120688
120701
120619
120676
120699
120661
120683
120687
120722
120730
120735
120707
120719
120734
120710
120731
120772
120881
120801
120743
120737
120924
120742
120938
120960
120807
120891
120958
120973
120970
120990
121099
120969
121086
120986
120999
121025
121074
121044
121162
121106
121092
121125
121177
121178
121207
121208
121258
121254
121190
121279
121257
121294
121233
121225
121239
121370
121289
121332
121413
121295
121372
121470
121386
121428
121459
121457
121479
121504
121653
121604
121543
121546
121687
121677
121621
121594
121717
121731
121775
121695
121696
121742
121884
121792
121889
121804
121877
121957
121806
121807
121876
121880
121853
121962
121969
121959
121960
121975
122035
122049
122005
121970
121993
122033
122063
122064
122052
122077
122021
122092
122050
122115
122095
122084
122100
122096
122125
122144
122206
122139
122181
122167
122215
122180
122218
122280
122208
122216
122213
122269
122291
122244
122221
122378
122333
122342
122271
122402
122347
122468
122415
122494
122471
122472
122476
122381
122499
122510
122524
122559
122564
122567
122523
122597
122531
122608
122572
122528
122583
122570
122644
122666
122758
122745
122757
122595
122776
122696
122903
122893
122848
122885
122799
122871
122821
122861
122954
123049
122950
122951
122953
123179
123155
123144
123236
123188
123243
123166
123250
123217
123299
123313
123192
123307
123289
123416
123411
123315
123329
123470
123328
123440
123493
123338
123475
123491
123533
123559
123441
123537
123505
123630
123598
123640
123566
123618
123583
123572
123600
123646
123641
123644
123648
123651
123642
123675
123665
123708
123810
123658
123781
123807
123786
123815
123894
123832
123892
123896
123846
123816
123928
123919
123901
123958
123912
123993
123906
123937
123945
123998
123960
124066
124000
124036
124092
124120
124005
124103
124058
124061
124130
124075
124121
124140
124152
124123
124158
124137
124183
124226
124144
124279
124217
124238
124192
124235
124295
124193
124277
124253
124322
124402
124397
124335
124389
124341
124409
124438
124442
124459
124408
124468
124437
124416
124469
124441
124429
124480
124486
124460
124470
124532
124483
124516
124488
124505
124527
124506
124555
124503
124671
124577
124530
124624
124625
124687
124740
124674
124679
124786
124693
124742
124823
124775
124737
124685
124718
124817
124839
124835
124858
124861
124864
124915
124874
124876
124862
124872
124931
124937
124940
124919
124942
124950
124963
124946
124952
124949
124955
124991
124972
125002
124993
125077
124969
125061
125065
125062
124996
125082
125124
124999
125094
125035
125144
125148
125141
125079
125169
125184
125171
125168
125175
125182
125183
125150
125158
125185
125187
125188
125215
125210
125365
125284
125197
125469
125384
125367
125289
125461
125463
125436
125484
125499
125510
125519
125515
125494
125587
125582
125523
125615
125575
125516
125555
125561
125617
125661
125653
125665
125644
125687
125621
125620
125766
125760
125746
125663
125778
125741
125812
125845
125838
125757
125836
125784
125871
125820
125850
125897
125857
125852
125853
125885
125862
125873
125926
125962
125933
125970
125952
125991
126020
125923
126034
125967
126012
125984
126019
126050
126037
126043
126123
126119
126188
126038
126045
126115
126116
126053
126073
126079
126213
126234
126203
126194
126235
126250
126236
126252
126255
126238
126256
126242
126320
126247
126264
126265
126331
126298
126345
126369
126362
126395
126346
126402
126347
126423
126440
126376
126372
126394
126391
126417
126522
126459
126448
126532
126504
126463
126506
126535
126556
126584
126466
126603
126536
126632
126636
126539
126695
126686
126639
126633
126707
126806
126711
126674
126923
126798
126886
126930
126933
126858
126939
126956
126865
126955
126991
126966
126992
126975
126997
126984
127036
126986
127006
127022
127015
127042
127046
127054
127131
127091
127061
127055
127226
127121
127197
127212
127123
127111
127076
127113
127248
127238
127437
128097
128013
128700
127613
128067
128096
128803
127249
128843
128610
128745
128068
128765
128845
128864
128882
128848
128846
128906
128844
128905
128847
128934
128849
128874
128955
128994
128989
128985
128969
129005
129013
129128
128987
129114
129008
129038
129143
129183
129116
129146
129119
129217
129221
129239
129216
129232
129228
129241
129218
129270
129269
129273
129266
129244
129235
129276
129268
129274
129277
129271
129290
129278
129323
129289
129362
129367
129411
129321
129406
129344
129292
129410
129419
129415
129420
129451
129440
129457
129462
129464
129549
129547
129603
129463
129599
129611
129624
129615
129600
129742
129604
129680
129717
129763
129613
129768
129772
129735
129792
129765
129814
129841
129848
129773
129898
129813
129871
129833
129961
129870
129872
130000
129842
129976
129973
130053
130075
130081
130058
130078
130126
130132
130087
130125
130130
130215
130200
130243
130133
130136
130197
130226
130299
130285
130245
130309
130353
130237
130248
130333
130360
130364
130450
130485
130359
130441
130388
130383
130435
130363
130487
130489
130437
130499
130522
130496
130539
130556
130542
130564
130538
130524
130578
130607
130640
130627
130656
130655
130581
130713
130703
130704
130782
130732
130856
130723
130787
130944
130865
130859
130950
130925
130828
130920
130926
130931
130959
130930
130990
130955
131005
131054
130995
131124
131105
131143
131141
131063
131140
131023
131118
131132
131157
131106
131170
131231
131168
131167
131228
131173
131251
131277
131276
131253
131283
131291
131284
131373
131270
131381
131286
131278
131289
131362
131390
131408
131391
131378
131445
131485
131490
131403
131415
131427
131419
131442
131491
131441
131498
131494
131495
131501
131545
131515
131543
131506
131541
131511
131542
131517
131550
131681
131689
131551
131751
131777
131782
131868
131779
131726
131862
131860
131776
131775
131783
131896
131870
131869
132086
132015
132072
132213
131995
131975
132203
131993
132256
132106
132236
132238
132264
132284
132245
132261
132260
132325
132301
132329
132358
132372
132287
132373
132294
132427
132361
132455
132412
132406
132496
132365
132410
132463
132513
132375
132644
132757
132515
132677
132661
132753
132767
132728
132678
132790
132798
132816
132829
132831
132836
132811
132863
132837
132830
132841
132840
132915
132870
132907
133013
132937
132936
132916
132928
133019
132967
133020
133050
133031
133030
133095
133062
133032
133210
133142
133311
133270
133281
133314
133163
133345
133286
133283
133285
133353
133363
133335
133436
133354
133350
133409
133396
133459
133446
133443
133447
133463
133460
133452
133444
133455
133466
133454
133470
133465
133473
133475
133476
133471
133464
133478
133477
133487
133481
133482
133490
133492
133498
133485
133494
133484
133483
133495
133499
133493
133502
133503
133505
133504
133525
133523
133546
133507
133600
133552
133522
133541
133677
133627
133804
133806
133621
133640
133766
133786
133642
133807
133800
133933
133940
133972
133936
133819
134008
133852
133839
134007
133978
134006
134009
134018
134081
134157
134027
134149
134127
134045
134152
134161
134159
134165
134154
134175
134205
134206
134191
134235
134285
134263
134341
134347
134365
134284
134274
134345
134339
134338
134381
134340
134362
134389
134382
134415
134393
134413
134391
134429
134384
134443
134427
134423
134456
134420
134474
134509
134528
134556
134446
134561
134552
134542
134534
134588
134558
134627
134615
134645
134562
134713
134688
134647
134760
134685
134637
134748
134644
134882
134749
134764
134945
134769
135071
134921
134826
134960
134948
135083
135138
135007
135207
135213
135098
135228
135121
135141
135231
135233
135260
135267
135239
135259
135322
135325
135265
135343
135266
135328
135323
135331
135356
135378
135418
135379
135392
135461
135457
135546
135493
135563
135467
135508
135524
135560
135476
135564
135579
135566
135565
135606
135584
135652
135657
135620
135604
135644
135651
135674
135707
135672
135654
135714
135655
135700
135788
135740
135831
135715
135773
135881
135908
135850
135998
135996
135993
136004
135989
135933
136089
136000
136015
136013
136092
136006
136088
136097
136010
136110
136115
136132
136126
136131
136212
136160
136143
136471
136186
136133
136501
136446
136475
136483
136504
136505
136518
136524
136526
136522
136502
136510
136509
136516
136529
136533
136534
136541
136531
136566
136530
136550
136544
136547
136573
136565
136574
136563
136553
136568
136596
136575
136577
136601
136625
136651
136652
136600
136619
136666
136654
136653
136632
136665
136711
136744
136690
136719
136695
136788
136778
136712
136774
136793
136714
136792
136813
136804
136795
136944
136808
136910
136911
136913
137010
136886
136846
136939
136992
137027
137031
137030
137086
137101
137083
137105
137068
137058
137084
137117
137081
137104
137109
137137
137122
137116
137142
137178
137166
137147
137185
137150
137236
137172
137239
137212
137256
137244
137193
137250
137228
137271
137267
137276
137275
137257
137311
137280
137360
137373
137261
137353
137340
137386
137352
137389
137418
137402
137419
137463
137501
137428
137469
137443
137506
137582
137531
137535
137526
137584
137507
137594
137643
137646
137534
137652
137606
137640
137624
137632
137702
137689
137710
137706
137742
137715
137719
137772
137721
137716
137853
137739
137838
137779
137929
137852
137874
137873
137854
137947
137952
137966
137973
137944
137945
137953
138015
137948
137994
138010
137955
138004
138003
138016
138027
138026
138042
138043
138051
138032
138112
138067
138110
138070
138135
138137
138146
138167
138161
138160
138186
138095
138156
138191
138158
138270
138277
138203
138269
138250
138336
138238
138249
138334
138256
138320
138386
138326
138363
138402
138401
138404
138391
138389
138407
138405
138403
138411
138410
138406
138408
138412
138409
138450
138449
138454
138451
138453
138457
138452
138455
138456
138458
138461
138464
138459
138460
138462
138465
138466
138463
138469
138470
138467
138468
138472
138474
138478
138479
138475
138471
138473
138481
138476
138482
138484
138477
138480
138485
138486
138483
138490
138493
138492
138496
138494
138487
138488
138498
138489
139161
138499
138495
138491
138497
139210
139191
139162
139305
139186
139818
139225
139233
139852
139834
139243
139887
139533
139766
139419
140007
139951
139850
140293
140294
140290
140004
139991
140292
140291
140295
140296
140303
140297
140298
140302
140309
140308
140307
140304
140306
140299
140300
140310
140305
140301
140312
140314
140311
140315
140313
140330
140324
140327
140331
140323
140325
140329
140326
140332
140328
140336
140333
140335
140334
140337
140341
140345
140344
140342
140348
140340
140346
140338
140343
140339
140349
140347
140350
140355
140351
140354
140357
140360
140353
140363
140352
140362
140356
140364
140358
140361
140359
140367
140366
140369
140365
140371
140374
140375
140372
140368
140376
140377
140370
140373
140379
140378
140380
140381
140383
140384
140386
140385
140388
140382
140392
140387
140395
140391
140390
140389
140393
140399
140397
140394
140396
140398
140446
140487
140471
140474
140416
140566
140560
140581
140477
140472
140578
140608
140625
140621
140793
140752
140757
140779
140723
140927
140739
140863
140842
140758
140797
141040
141012
141045
141073
141017
141116
141127
141152
141053
141131
141219
141106
141130
141128
141233
141246
141201
141179
141356
141231
141397
141459
141377
141353
141447
141630
141382
141425
141626
141493
141549
141484
141608
141635
141819
141813
141777
141805
141862
141810
141872
141809
141869
141914
141863
141839
141954
142005
142053
142153
142086
142203
142073
142122
142109
142198
142205
142189
142204
142220
142201
142196
142202
142298
142223
142354
142271
142394
142355
142339
142468
142303
142471
142381
142350
142467
142488
142435
142487
142475
142489
142473
142486
142600
142490
142485
142590
142534
142507
142596
142617
142700
142603
142608
142611
142657
142634
142607
142637
142761
142807
142661
142702
142764
142809
142802
143027
142997
142831
142822
143207
143128
142986
142867
142882
143222
143248
143223
143260
143202
143267
143237
143311
143214
143300
143336
143368
143353
143342
143589
143591
143426
143720
143423
143431
143732
143363
143621
143484
143617
143802
143803
143775
143841
143888
143937
143968
144019
143982
144243
144241
144242
144218
144141
144216
144289
144300
144266
144264
144249
144269
144415
144306
144312
144325
144509
144324
144519
144522
144511
144542
144572
144517
144585
144802
144528
144852
144824
144871
144945
144980
144957
144979
144981
145014
145049
144990
144987
144992
144995
145082
145121
145232
145063
145189
145087
145285
145272
145279
145273
145096
145180
145496
145293
145607
145493
145542
145513
145613
145424
145547
145571
145617
145606
145611
145612
145636
145763
145639
145774
145818
145760
145643
145750
145954
145928
145984
145970
145994
146035
146055
146255
146217
146060
146260
146259
146061
146101
146321
146405
146337
146409
146269
146421
146389
146434
146465
146568
146442
146503
146647
146449
146459
146499
146778
146832
146794
146856
146847
146808
146876
146819
146880
147044
147050
146864
146967
147041
146951
147176
147010
147058
147054
147420
147060
147065
147528
147356
147649
147513
147648
147750
147285
147654
147725
147646
147772
147757
147790
147774
147651
147650
147696
147808
147806
147791
147789
147860
147820
147807
147809
147903
147899
147877
147891
147970
147866
147870
147975
148047
147905
148035
148341
148328
148319
148380
148126
148112
148379
148391
148554
148394
148330
148560
148437
148584
148513
148617
148528
148619
148653
148658
148694
148698
148730
148806
148811
148813
148810
148812
148815
148818
148814
148817
148816
148819
148822
148833
148853
148803
148898
148927
148969
148989
149013
149063
149171
149175
149179
149184
149227
149226
149229
149228
149233
149234
149232
149230
149237
149235
149236
149231
149240
149238
149239
149244
149241
149243
149245
149242
149250
149246
149247
149251
149254
149252
149248
149249
149257
149256
149253
149260
149262
149261
149255
149259
149258
149265
149264
149270
149271
149263
149267
149272
149266
149268
149269
149278
149277
149274
149283
149273
149284
149279
149276
149282
149280
149287
149285
149281
149275
149288
149286
149293
149294
149290
149292
149296
149297
149291
149289
149295
149300
149298
149299
149305
149302
149301
149303
149304
149306
149312
149307
149311
149309
149310
149314
149308
149318
149315
149319
149316
149313
149317
149320
149322
149321
149325
149323
149326
149333
149328
149327
149324
149331
149335
149337
149332
149329
149330
149336
149339
149334
149340
149338
149345
149343
149342
149348
149351
149341
149349
149354
149350
149346
149344
149347
149353
149355
149352
149356
149358
149359
149362
149366
149357
149361
149360
149363
149364
149365
149369
149372
149367
149368
149371
149370
149375
149374
149376
149373
149377
149378
149384
149381
149386
149382
149383
149379
149388
149380
149391
149390
149389
149387
149395
149385
149394
149392
149397
149393
149402
149403
149398
149399
149407
149396
149405
149400
149408
149406
149409
149401
149404
149411
149415
149410
149412
149413
149418
149420
149414
149416
149423
149421
149417
149422
149425
149419
149427
149424
149426
149432
149428
149438
149436
149434
149433
149431
149429
149441
149435
149439
149437
149442
149430
149440
149444
149450
149445
149446
149448
149449
149447
149451
149443
149452
149453
149457
149460
149455
149462
149454
149456
149458
149464
149465
149466
149459
149463
149467
149469
149461
149468
149470
149474
149472
149473
149471
149475
149477
149481
149476
149485
149484
149479
149478
149483
149488
149480
149490
149482
149486
149491
149494
149487
149489
149493
149499
149495
149498
149492
149502
149497
149500
149496
149504
149503
149501
149510
149511
149508
149506
149505
149507
149509
149513
149514
149512
149518
149515
149516
149519
149523
149517
149525
149520
149522
149521
149526
149529
149528
149524
149527
149531
149532
149538
149530
149535
149536
149537
149533
149534
149540
149541
149539
149542
149543
149547
149549
149544
149550
149545
149546
149548
149558
149552
149557
149551
149555
149553
149556
149554
149560
149562
149563
149561
149564
149559
149567
149565
149570
149573
149566
149571
149574
149568
149572
149575
149569
149579
149576
149582
149578
149577
149585
149583
149581
149584
149580
149587
149589
149588
149591
149586
149590
149594
149592
149593
149596
149600
149602
149597
149595
149599
149605
149606
149601
149603
149598
149609
149608
149604
149607
149611
149614
149610
149620
149613
149619
149612
149617
149621
149616
149615
149618
149623
149622
149631
149624
149632
149627
149634
149626
149628
149625
149637
149638
149630
149635
149629
149633
149636
149639
149648
149646
149650
149640
149641
149647
149643
149652
149642
149644
149645
149653
149649
149651
149656
149655
149659
149661
149657
149660
149665
149654
149664
149658
149663
149667
149662
149671
149666
149668
149672
149673
149669
149678
149670
149676
149674
149675
149681
149679
149683
149677
149680
149685
149684
149682
149689
149686
149687
149688
149697
149692
149690
149691
149695
149700
149694
149699
149693
149696
149698
149702
149701
149703
149709
149706
149714
149704
149710
149713
149705
149708
149707
149712
149711
149715
149720
149716
149718
149717
149726
149719
149722
149725
149728
149723
149721
149730
149724
149729
149727
149738
149731
149732
149733
149736
149737
149735
149743
149734
149741
149740
149739
149745
149744
149742
149748
149746
149749
149753
149754
149755
149750
149759
149758
149747
149751
149752
149757
149756
149763
149762
149761
149765
149760
149767
149770
149769
149764
149774
149771
149766
149768
149772
149773
149777
149775
149779
149781
149776
149786
149778
149780
149787
149782
149785
149788
149783
149784
149792
149790
149791
149796
149793
149789
149799
149794
149795
149801
149797
149798
149802
149806
149804
149800
149803
149808
149805
149809
149813
149807
149810
149816
149817
149818
149819
149811
149812
149820
149815
149824
149821
149822
149823
149826
149828
149834
149831
149825
149827
149833
149830
149829
149837
149832
149838
149836
149841
149835
149842
149844
149839
149843
149840
149851
149848
149845
149846
149850
149847
149849
149856
149852
149861
149853
149855
149854
149858
149863
149859
149857
149860
149866
149862
149868
149864
149865
149870
149869
149867
149878
149873
149877
149872
149871
149874
149875
149882
149876
149881
149879
149880
149886
149884
149885
149888
149889
149887
149890
149883
149893
149894
149895
149898
149897
149900
149896
149891
149901
149892
149899
149904
149905
149910
149903
149902
149907
149909
149916
149906
149915
149912
149908
149913
149917
149914
149918
149911
149919
149922
149925
149921
149920
149930
149927
149924
149926
149923
149932
149934
149929
149931
149928
149939
149940
149936
149933
149941
149935
149942
149937
149943
149948
149947
149938
149945
149944
149951
149949
149950
149946
149959
149952
149955
149961
149962
149953
149956
149954
149957
149958
149963
149966
149964
149960
149967
149965
149968
149973
149970
149975
149972
149969
149971
149977
149974
149976
149978
149979
149981
149988
149980
149982
149984
149990
149983
149992
149986
149985
149987
149991
149994
149993
149989
149998
149995
149997
149996
149999
